---
source: src/lib/tui/render.rs
expression: output
---
┌ Todo Owl ────────────────────────────────────────────────────────────────────┐
│ tOwl | 3/3 TODOs shown | 0 selected                                          │
└─────┌ src/main.rs L10 ─────────────────────────────────────────────────▲─────┘
 Filte│   0 Could not read file: No such file or directory (os error 2)  █
┌ TODO│                                                                  █─────▲
│ [ ] │                                                                  █     █
│ [ ] │                                                                  █     █
│ [ ] │                                                                  █     █
│     │                                                                  █     █
│     │                                                                  █     █
│     │                                                                  █     █
│     │                                                                  █     █
│     │                                                                  █     █
│     │                                                                  █     █
│     │                                                                  █     █
│     │                                                                  █     █
│     │                                                                  █     ║
└─────└──────────────────────────────────────────────────────────────────▼─────▼
 j/k:scroll  p/esc:close
